python : Using existing test database for alias 'default' ('test_tiktok_products_dev')...
所在位置 行:1 字符: 25
+ ... \tiktok_pm; python manage.py test products.tests --keepdb -v 2 > test ...
+                 ~~~~~~~~~~~~~~~~~~~~~~~~~~~~~~~~~~~~~~~~~~~~~~~~~~~~~~~~~
    + CategoryInfo          : NotSpecified: (Using existing ...oducts_dev')...:String) [], RemoteException
    + FullyQualifiedErrorId : NativeCommandError
 

System check identified some issues:

WARNINGS:
django_q.Task: (models.W037) MariaDB does not support indexes with conditions.
	HINT: Conditions will be ignored. Silence this warning if you don't care about it.

System check identified 1 issue (0 silenced).
test_ai_item_content_type_choices (products.tests.AIContentItemModelTest.test_ai_item_content_type_choices)
测试内容类型选择 ... ok
test_ai_item_creation (products.tests.AIContentItemModelTest.test_ai_item_creation)
测试AI内容项创建 ... ok
test_ai_item_product_relationship (products.tests.AIContentItemModelTest.test_ai_item_product_relationship)
测试AI内容项与产品的关系 ... ok
test_json_fields_with_complex_data (products.tests.BoundaryConditionTests.test_json_fields_with_complex_data)
测试JSON字段存储复杂数据 ... ok
test_product_empty_fields (products.tests.BoundaryConditionTests.test_product_empty_fields)
测试空字段 ... ok
test_product_price_negative (products.tests.BoundaryConditionTests.test_product_price_negative)
测试价格为负数 ... ok
test_product_price_zero (products.tests.BoundaryConditionTests.test_product_price_zero)
测试价格为0 ... ok
test_product_tags_empty_list (products.tests.BoundaryConditionTests.test_product_tags_empty_list)
测试空标签列表 ... ok
test_product_tags_multiple (products.tests.BoundaryConditionTests.test_product_tags_multiple)
测试多个标签 ... ok
test_product_title_very_long (products.tests.BoundaryConditionTests.test_product_title_very_long)
测试非常长的标题 ... ok
test_review_rating_boundary_high (products.tests.BoundaryConditionTests.test_review_rating_boundary_high)
测试评分上边界 ... ok
test_review_rating_boundary_low (products.tests.BoundaryConditionTests.test_review_rating_boundary_low)
测试评分下边界 ... ok
test_variation_stock_negative (products.tests.BoundaryConditionTests.test_variation_stock_negative)
测试库存为负数 ... ok
test_variation_stock_zero (products.tests.BoundaryConditionTests.test_variation_stock_zero)
测试库存为0 ... ok
test_api_invalid_json (products.tests.ErrorHandlingTests.test_api_invalid_json)
测试API无效JSON ... ok
test_api_missing_required_fields (products.tests.ErrorHandlingTests.test_api_missing_required_fields)
测试API缺少必填字段 ... ok
test_product_cascade_delete (products.tests.ErrorHandlingTests.test_product_cascade_delete)
测试产品级联删除 ... ok
test_product_duplicate_source_id (products.tests.ErrorHandlingTests.test_product_duplicate_source_id)
测试重复的source_id ... ok
test_variation_duplicate_sku_same_product (products.tests.ErrorHandlingTests.test_variation_duplicate_sku_same_product)
测试同一产品下重复的SKU ... ok
test_export_nonexistent_product (products.tests.ExportProductJsonViewTest.test_export_nonexistent_product)
测试导出不存在的产品 ... ok
test_export_product_json (products.tests.ExportProductJsonViewTest.test_export_product_json)
测试导出产品JSON ... ok
test_complete_product_workflow (products.tests.IntegrationTests.test_complete_product_workflow)
测试完整的产品工作流 ... ok
test_product_with_variations_workflow (products.tests.IntegrationTests.test_product_with_variations_workflow)
测试产品与变体的完整工作流 ... ERROR
test_n8n_analyze_failure (products.tests.N8nAnalyzeViewTest.test_n8n_analyze_failure)
测试n8n分析失败 ... ok
test_n8n_analyze_success (products.tests.N8nAnalyzeViewTest.test_n8n_analyze_success)
测试n8n分析成功 ... ok
test_large_product_list_query (products.tests.PerformanceTests.test_large_product_list_query)
测试大量产品列表查询性能 ... ok
test_product_with_many_relations_query (products.tests.PerformanceTests.test_product_with_many_relations_query)
测试产品与多个关联关系的查询性能 ... ok
test_poll_collecting_status (products.tests.PollBrightDataResultTest.test_poll_collecting_status)
测试轮询到collecting状态 ... ok
test_poll_pending_status (products.tests.PollBrightDataResultTest.test_poll_pending_status)
测试轮询到pending状态 ... ok
test_poll_ready_status (products.tests.PollBrightDataResultTest.test_poll_ready_status)
测试轮询到ready状态 ... ok
test_poll_running_status (products.tests.PollBrightDataResultTest.test_poll_running_status)
测试轮询到running状态 ... ok
test_get_product_fetch_view (products.tests.ProductFetchViewTest.test_get_product_fetch_view)
测试GET请求获取表单页面 ... ok
test_post_product_fetch_view_empty_urls (products.tests.ProductFetchViewTest.test_post_product_fetch_view_empty_urls)
测试POST请求提交空URL列表 ... FAIL
test_post_product_fetch_view_with_urls (products.tests.ProductFetchViewTest.test_post_product_fetch_view_with_urls)
测试POST请求提交URL列表 ... ok
test_image_creation (products.tests.ProductImageModelTest.test_image_creation)
测试图片创建 ... ok
test_image_product_relationship (products.tests.ProductImageModelTest.test_image_product_relationship)
测试图片与产品的关系 ... ok
test_image_serializer (products.tests.ProductImageSerializerTest.test_image_serializer)
测试图片序列化 ... ok
test_product_creation (products.tests.ProductModelTest.test_product_creation)
测试产品创建 ... ok
test_product_json_fields (products.tests.ProductModelTest.test_product_json_fields)
测试JSON字段 ... ok
test_product_price_fields (products.tests.ProductModelTest.test_product_price_fields)
测试价格字段 ... ok
test_product_store_relationship (products.tests.ProductModelTest.test_product_store_relationship)
测试产品与店铺的关系 ... ok
test_product_str_representation (products.tests.ProductModelTest.test_product_str_representation)
测试产品字符串表示 ... ok
test_product_tags_field (products.tests.ProductModelTest.test_product_tags_field)
测试tags字段 ... ok
test_product_unique_source_id (products.tests.ProductModelTest.test_product_unique_source_id)
测试产品source_id唯一性 ... ok
test_review_creation (products.tests.ProductReviewModelTest.test_review_creation)
测试评价创建 ... ok
test_review_product_relationship (products.tests.ProductReviewModelTest.test_review_product_relationship)
测试评价与产品的关系 ... ok
test_review_rating_boundary (products.tests.ProductReviewModelTest.test_review_rating_boundary)
测试评分边界值 ... ok
test_product_serializer_basic_fields (products.tests.ProductSerializerTest.test_product_serializer_basic_fields)
测试基本字段序列化 ... ok
test_product_serializer_excludes_raw_fields (products.tests.ProductSerializerTest.test_product_serializer_excludes_raw_f
ields)
测试排除原始字段 ... ok
test_product_serializer_nested_images (products.tests.ProductSerializerTest.test_product_serializer_nested_images)
测试嵌套图片序列化 ... ok
test_tag_creation (products.tests.ProductTagDefinitionModelTest.test_tag_creation)
测试标签定义创建 ... ok
test_tag_unique_code (products.tests.ProductTagDefinitionModelTest.test_tag_unique_code)
测试标签code唯一性 ... ok
test_variation_creation (products.tests.ProductVariationModelTest.test_variation_creation)
测试变体创建 ... ok
test_variation_product_relationship (products.tests.ProductVariationModelTest.test_variation_product_relationship)
测试变体与产品的关系 ... ok
test_variation_serializer (products.tests.ProductVariationSerializerTest.test_variation_serializer)
测试变体序列化 ... ok
test_filter_by_product (products.tests.ProductVariationViewSetTest.test_filter_by_product)
测试按产品过滤变体 ... ok
test_filter_by_sku (products.tests.ProductVariationViewSetTest.test_filter_by_sku)
测试按SKU过滤 ... ok
test_filter_by_stock (products.tests.ProductVariationViewSetTest.test_filter_by_stock)
测试按库存过滤 ... ok
test_list_variations (products.tests.ProductVariationViewSetTest.test_list_variations)
测试获取变体列表 ... ok
test_video_creation (products.tests.ProductVideoModelTest.test_video_creation)
测试视频创建 ... ok
test_video_product_relationship (products.tests.ProductVideoModelTest.test_video_product_relationship)
测试视频与产品的关系 ... ok
test_create_product (products.tests.ProductViewSetTest.test_create_product)
测试创建产品 ... ok
test_delete_product (products.tests.ProductViewSetTest.test_delete_product)
测试删除产品 ... ok
test_filter_by_available (products.tests.ProductViewSetTest.test_filter_by_available)
测试按可用性过滤 ... ok
test_filter_by_category (products.tests.ProductViewSetTest.test_filter_by_category)
测试按分类过滤 ... ok
test_filter_by_final_price (products.tests.ProductViewSetTest.test_filter_by_final_price)
测试按价格过滤 ... ok
test_filter_by_in_stock (products.tests.ProductViewSetTest.test_filter_by_in_stock)
测试按库存过滤 ... ok
test_list_products (products.tests.ProductViewSetTest.test_list_products)
测试获取产品列表 ... ok
test_multiple_filters (products.tests.ProductViewSetTest.test_multiple_filters)
测试多重过滤 ... ok
test_retrieve_product (products.tests.ProductViewSetTest.test_retrieve_product)
测试获取单个产品 ... ok
test_search_by_source_id (products.tests.ProductViewSetTest.test_search_by_source_id)
测试按source_id搜索 ... ok
test_search_by_title (products.tests.ProductViewSetTest.test_search_by_title)
测试按标题搜索 ... ok
test_update_product (products.tests.ProductViewSetTest.test_update_product)
测试更新产品 ... ok
test_save_snapshot_file (products.tests.SaveSnapshotFileTest.test_save_snapshot_file)
测试保存快照文件 ... ok
test_store_creation (products.tests.StoreModelTest.test_store_creation)
测试店铺创建 ... ok
test_store_str_representation (products.tests.StoreModelTest.test_store_str_representation)
测试店铺字符串表示 ... ok
test_store_unique_id (products.tests.StoreModelTest.test_store_unique_id)
测试店铺ID唯一性 ... ok
test_trigger_task_api_failure (products.tests.TriggerBrightDataTaskTest.test_trigger_task_api_failure)
测试API调用失败 ... Bright Data API 触发失败。错误: API Error
ok
test_trigger_task_category_mode (products.tests.TriggerBrightDataTaskTest.test_trigger_task_category_mode)
测试分类模式触发任务 ... ok
test_trigger_task_keyword_mode (products.tests.TriggerBrightDataTaskTest.test_trigger_task_keyword_mode)
测试关键词模式触发任务 ... ok
test_trigger_task_shop_mode (products.tests.TriggerBrightDataTaskTest.test_trigger_task_shop_mode)
测试店铺模式触发任务 ... ok
test_trigger_task_url_mode (products.tests.TriggerBrightDataTaskTest.test_trigger_task_url_mode)
测试URL模式触发任务 ... ok
test_update_product_api_product_not_found (products.tests.UpdateProductAPITest.test_update_product_api_product_not_found
)
测试更新产品API产品不存在 ... ok
test_update_product_api_success (products.tests.UpdateProductAPITest.test_update_product_api_success)
测试更新产品API成功 ... ok
test_update_product_api_unauthorized (products.tests.UpdateProductAPITest.test_update_product_api_unauthorized)
测试更新产品API未授权 ... ok

======================================================================
ERROR: test_product_with_variations_workflow (products.tests.IntegrationTests.test_product_with_variations_workflow)
测试产品与变体的完整工作流
----------------------------------------------------------------------
Traceback (most recent call last):
  File "C:\Users\ishen\AppData\Local\Packages\PythonSoftwareFoundation.Python.3.13_qbz5n2kfra8p0\LocalCache\local-packag
es\Python313\site-packages\django\db\backends\utils.py", line 105, in _execute
    return self.cursor.execute(sql, params)
           ~~~~~~~~~~~~~~~~~~~^^^^^^^^^^^^^
  File "C:\Users\ishen\AppData\Local\Packages\PythonSoftwareFoundation.Python.3.13_qbz5n2kfra8p0\LocalCache\local-packag
es\Python313\site-packages\django\db\backends\mysql\base.py", line 76, in execute
    return self.cursor.execute(query, args)
           ~~~~~~~~~~~~~~~~~~~^^^^^^^^^^^^^
  File "C:\Users\ishen\AppData\Local\Packages\PythonSoftwareFoundation.Python.3.13_qbz5n2kfra8p0\LocalCache\local-packag
es\Python313\site-packages\pymysql\cursors.py", line 153, in execute
    result = self._query(query)
  File "C:\Users\ishen\AppData\Local\Packages\PythonSoftwareFoundation.Python.3.13_qbz5n2kfra8p0\LocalCache\local-packag
es\Python313\site-packages\pymysql\cursors.py", line 322, in _query
    conn.query(q)
    ~~~~~~~~~~^^^
  File "C:\Users\ishen\AppData\Local\Packages\PythonSoftwareFoundation.Python.3.13_qbz5n2kfra8p0\LocalCache\local-packag
es\Python313\site-packages\pymysql\connections.py", line 558, in query
    self._affected_rows = self._read_query_result(unbuffered=unbuffered)
                          ~~~~~~~~~~~~~~~~~~~~~~~^^^^^^^^^^^^^^^^^^^^^^^
  File "C:\Users\ishen\AppData\Local\Packages\PythonSoftwareFoundation.Python.3.13_qbz5n2kfra8p0\LocalCache\local-packag
es\Python313\site-packages\pymysql\connections.py", line 822, in _read_query_result
    result.read()
    ~~~~~~~~~~~^^
  File "C:\Users\ishen\AppData\Local\Packages\PythonSoftwareFoundation.Python.3.13_qbz5n2kfra8p0\LocalCache\local-packag
es\Python313\site-packages\pymysql\connections.py", line 1207, in read
    self._read_result_packet(first_packet)
    ~~~~~~~~~~~~~~~~~~~~~~~~^^^^^^^^^^^^^^
  File "C:\Users\ishen\AppData\Local\Packages\PythonSoftwareFoundation.Python.3.13_qbz5n2kfra8p0\LocalCache\local-packag
es\Python313\site-packages\pymysql\connections.py", line 1284, in _read_result_packet
    self._read_rowdata_packet()
    ~~~~~~~~~~~~~~~~~~~~~~~~~^^
  File "C:\Users\ishen\AppData\Local\Packages\PythonSoftwareFoundation.Python.3.13_qbz5n2kfra8p0\LocalCache\local-packag
es\Python313\site-packages\pymysql\connections.py", line 1331, in _read_rowdata_packet
    packet = self.connection._read_packet()
  File "C:\Users\ishen\AppData\Local\Packages\PythonSoftwareFoundation.Python.3.13_qbz5n2kfra8p0\LocalCache\local-packag
es\Python313\site-packages\pymysql\connections.py", line 772, in _read_packet
    packet.raise_for_error()
    ~~~~~~~~~~~~~~~~~~~~~~^^
  File "C:\Users\ishen\AppData\Local\Packages\PythonSoftwareFoundation.Python.3.13_qbz5n2kfra8p0\LocalCache\local-packag
es\Python313\site-packages\pymysql\protocol.py", line 221, in raise_for_error
    err.raise_mysql_exception(self._data)
    ~~~~~~~~~~~~~~~~~~~~~~~~~^^^^^^^^^^^^
  File "C:\Users\ishen\AppData\Local\Packages\PythonSoftwareFoundation.Python.3.13_qbz5n2kfra8p0\LocalCache\local-packag
es\Python313\site-packages\pymysql\err.py", line 143, in raise_mysql_exception
    raise errorclass(errno, errval)
pymysql.err.IntegrityError: (1048, "Column 'product_id' cannot be null")

The above exception was the direct cause of the following exception:

Traceback (most recent call last):
  File "D:\Python\tiktok_pm\products\tests.py", line 1409, in test_product_with_variations_workflow
    client.post(reverse("productvariation-list"), variation_data, format="json")
    ~~~~~~~~~~~^^^^^^^^^^^^^^^^^^^^^^^^^^^^^^^^^^^^^^^^^^^^^^^^^^^^^^^^^^^^^^^^^
  File "C:\Users\ishen\AppData\Local\Packages\PythonSoftwareFoundation.Python.3.13_qbz5n2kfra8p0\LocalCache\local-packag
es\Python313\site-packages\rest_framework\test.py", line 299, in post
    response = super().post(
        path, data=data, format=format, content_type=content_type, **extra)
  File "C:\Users\ishen\AppData\Local\Packages\PythonSoftwareFoundation.Python.3.13_qbz5n2kfra8p0\LocalCache\local-packag
es\Python313\site-packages\rest_framework\test.py", line 213, in post
    return self.generic('POST', path, data, content_type, **extra)
           ~~~~~~~~~~~~^^^^^^^^^^^^^^^^^^^^^^^^^^^^^^^^^^^^^^^^^^^
  File "C:\Users\ishen\AppData\Local\Packages\PythonSoftwareFoundation.Python.3.13_qbz5n2kfra8p0\LocalCache\local-packag
es\Python313\site-packages\rest_framework\test.py", line 237, in generic
    return super().generic(
           ~~~~~~~~~~~~~~~^
        method, path, data, content_type, secure, **extra)
        ^^^^^^^^^^^^^^^^^^^^^^^^^^^^^^^^^^^^^^^^^^^^^^^^^^
  File "C:\Users\ishen\AppData\Local\Packages\PythonSoftwareFoundation.Python.3.13_qbz5n2kfra8p0\LocalCache\local-packag
es\Python313\site-packages\django\test\client.py", line 671, in generic
    return self.request(**r)
           ~~~~~~~~~~~~^^^^^
  File "C:\Users\ishen\AppData\Local\Packages\PythonSoftwareFoundation.Python.3.13_qbz5n2kfra8p0\LocalCache\local-packag
es\Python313\site-packages\rest_framework\test.py", line 289, in request
    return super().request(**kwargs)
           ~~~~~~~~~~~~~~~^^^^^^^^^^
  File "C:\Users\ishen\AppData\Local\Packages\PythonSoftwareFoundation.Python.3.13_qbz5n2kfra8p0\LocalCache\local-packag
es\Python313\site-packages\rest_framework\test.py", line 241, in request
    request = super().request(**kwargs)
  File "C:\Users\ishen\AppData\Local\Packages\PythonSoftwareFoundation.Python.3.13_qbz5n2kfra8p0\LocalCache\local-packag
es\Python313\site-packages\django\test\client.py", line 1087, in request
    self.check_exception(response)
    ~~~~~~~~~~~~~~~~~~~~^^^^^^^^^^
  File "C:\Users\ishen\AppData\Local\Packages\PythonSoftwareFoundation.Python.3.13_qbz5n2kfra8p0\LocalCache\local-packag
es\Python313\site-packages\django\test\client.py", line 802, in check_exception
    raise exc_value
  File "C:\Users\ishen\AppData\Local\Packages\PythonSoftwareFoundation.Python.3.13_qbz5n2kfra8p0\LocalCache\local-packag
es\Python313\site-packages\django\core\handlers\exception.py", line 55, in inner
    response = get_response(request)
  File "C:\Users\ishen\AppData\Local\Packages\PythonSoftwareFoundation.Python.3.13_qbz5n2kfra8p0\LocalCache\local-packag
es\Python313\site-packages\django\core\handlers\base.py", line 197, in _get_response
    response = wrapped_callback(request, *callback_args, **callback_kwargs)
  File "C:\Users\ishen\AppData\Local\Packages\PythonSoftwareFoundation.Python.3.13_qbz5n2kfra8p0\LocalCache\local-packag
es\Python313\site-packages\django\views\decorators\csrf.py", line 65, in _view_wrapper
    return view_func(request, *args, **kwargs)
  File "C:\Users\ishen\AppData\Local\Packages\PythonSoftwareFoundation.Python.3.13_qbz5n2kfra8p0\LocalCache\local-packag
es\Python313\site-packages\rest_framework\viewsets.py", line 125, in view
    return self.dispatch(request, *args, **kwargs)
           ~~~~~~~~~~~~~^^^^^^^^^^^^^^^^^^^^^^^^^^
  File "C:\Users\ishen\AppData\Local\Packages\PythonSoftwareFoundation.Python.3.13_qbz5n2kfra8p0\LocalCache\local-packag
es\Python313\site-packages\rest_framework\views.py", line 515, in dispatch
    response = self.handle_exception(exc)
  File "C:\Users\ishen\AppData\Local\Packages\PythonSoftwareFoundation.Python.3.13_qbz5n2kfra8p0\LocalCache\local-packag
es\Python313\site-packages\rest_framework\views.py", line 475, in handle_exception
    self.raise_uncaught_exception(exc)
    ~~~~~~~~~~~~~~~~~~~~~~~~~~~~~^^^^^
  File "C:\Users\ishen\AppData\Local\Packages\PythonSoftwareFoundation.Python.3.13_qbz5n2kfra8p0\LocalCache\local-packag
es\Python313\site-packages\rest_framework\views.py", line 486, in raise_uncaught_exception
    raise exc
  File "C:\Users\ishen\AppData\Local\Packages\PythonSoftwareFoundation.Python.3.13_qbz5n2kfra8p0\LocalCache\local-packag
es\Python313\site-packages\rest_framework\views.py", line 512, in dispatch
    response = handler(request, *args, **kwargs)
  File "C:\Users\ishen\AppData\Local\Packages\PythonSoftwareFoundation.Python.3.13_qbz5n2kfra8p0\LocalCache\local-packag
es\Python313\site-packages\rest_framework\mixins.py", line 19, in create
    self.perform_create(serializer)
    ~~~~~~~~~~~~~~~~~~~^^^^^^^^^^^^
  File "C:\Users\ishen\AppData\Local\Packages\PythonSoftwareFoundation.Python.3.13_qbz5n2kfra8p0\LocalCache\local-packag
es\Python313\site-packages\rest_framework\mixins.py", line 24, in perform_create
    serializer.save()
    ~~~~~~~~~~~~~~~^^
  File "C:\Users\ishen\AppData\Local\Packages\PythonSoftwareFoundation.Python.3.13_qbz5n2kfra8p0\LocalCache\local-packag
es\Python313\site-packages\rest_framework\serializers.py", line 210, in save
    self.instance = self.create(validated_data)
                    ~~~~~~~~~~~^^^^^^^^^^^^^^^^
  File "C:\Users\ishen\AppData\Local\Packages\PythonSoftwareFoundation.Python.3.13_qbz5n2kfra8p0\LocalCache\local-packag
es\Python313\site-packages\rest_framework\serializers.py", line 991, in create
    instance = ModelClass._default_manager.create(**validated_data)
  File "C:\Users\ishen\AppData\Local\Packages\PythonSoftwareFoundation.Python.3.13_qbz5n2kfra8p0\LocalCache\local-packag
es\Python313\site-packages\django\db\models\manager.py", line 87, in manager_method
    return getattr(self.get_queryset(), name)(*args, **kwargs)
           ~~~~~~~~~~~~~~~~~~~~~~~~~~~~~~~~~~^^^^^^^^^^^^^^^^^
  File "C:\Users\ishen\AppData\Local\Packages\PythonSoftwareFoundation.Python.3.13_qbz5n2kfra8p0\LocalCache\local-packag
es\Python313\site-packages\django\db\models\query.py", line 665, in create
    obj.save(force_insert=True, using=self.db)
    ~~~~~~~~^^^^^^^^^^^^^^^^^^^^^^^^^^^^^^^^^^
  File "C:\Users\ishen\AppData\Local\Packages\PythonSoftwareFoundation.Python.3.13_qbz5n2kfra8p0\LocalCache\local-packag
es\Python313\site-packages\django\db\models\base.py", line 902, in save
    self.save_base(
    ~~~~~~~~~~~~~~^
        using=using,
        ^^^^^^^^^^^^
    ...<2 lines>...
        update_fields=update_fields,
        ^^^^^^^^^^^^^^^^^^^^^^^^^^^^
    )
    ^
  File "C:\Users\ishen\AppData\Local\Packages\PythonSoftwareFoundation.Python.3.13_qbz5n2kfra8p0\LocalCache\local-packag
es\Python313\site-packages\django\db\models\base.py", line 1008, in save_base
    updated = self._save_table(
        raw,
    ...<4 lines>...
        update_fields,
    )
  File "C:\Users\ishen\AppData\Local\Packages\PythonSoftwareFoundation.Python.3.13_qbz5n2kfra8p0\LocalCache\local-packag
es\Python313\site-packages\django\db\models\base.py", line 1169, in _save_table
    results = self._do_insert(
        cls._base_manager, using, fields, returning_fields, raw
    )
  File "C:\Users\ishen\AppData\Local\Packages\PythonSoftwareFoundation.Python.3.13_qbz5n2kfra8p0\LocalCache\local-packag
es\Python313\site-packages\django\db\models\base.py", line 1210, in _do_insert
    return manager._insert(
           ~~~~~~~~~~~~~~~^
        [self],
        ^^^^^^^
    ...<3 lines>...
        raw=raw,
        ^^^^^^^^
    )
    ^
  File "C:\Users\ishen\AppData\Local\Packages\PythonSoftwareFoundation.Python.3.13_qbz5n2kfra8p0\LocalCache\local-packag
es\Python313\site-packages\django\db\models\manager.py", line 87, in manager_method
    return getattr(self.get_queryset(), name)(*args, **kwargs)
           ~~~~~~~~~~~~~~~~~~~~~~~~~~~~~~~~~~^^^^^^^^^^^^^^^^^
  File "C:\Users\ishen\AppData\Local\Packages\PythonSoftwareFoundation.Python.3.13_qbz5n2kfra8p0\LocalCache\local-packag
es\Python313\site-packages\django\db\models\query.py", line 1873, in _insert
    return query.get_compiler(using=using).execute_sql(returning_fields)
           ~~~~~~~~~~~~~~~~~~~~~~~~~~~~~~~~~~~~~~~~~~~^^^^^^^^^^^^^^^^^^
  File "C:\Users\ishen\AppData\Local\Packages\PythonSoftwareFoundation.Python.3.13_qbz5n2kfra8p0\LocalCache\local-packag
es\Python313\site-packages\django\db\models\sql\compiler.py", line 1882, in execute_sql
    cursor.execute(sql, params)
    ~~~~~~~~~~~~~~^^^^^^^^^^^^^
  File "C:\Users\ishen\AppData\Local\Packages\PythonSoftwareFoundation.Python.3.13_qbz5n2kfra8p0\LocalCache\local-packag
es\Python313\site-packages\django\db\backends\utils.py", line 79, in execute
    return self._execute_with_wrappers(
           ~~~~~~~~~~~~~~~~~~~~~~~~~~~^
        sql, params, many=False, executor=self._execute
        ^^^^^^^^^^^^^^^^^^^^^^^^^^^^^^^^^^^^^^^^^^^^^^^
    )
    ^
  File "C:\Users\ishen\AppData\Local\Packages\PythonSoftwareFoundation.Python.3.13_qbz5n2kfra8p0\LocalCache\local-packag
es\Python313\site-packages\django\db\backends\utils.py", line 92, in _execute_with_wrappers
    return executor(sql, params, many, context)
  File "C:\Users\ishen\AppData\Local\Packages\PythonSoftwareFoundation.Python.3.13_qbz5n2kfra8p0\LocalCache\local-packag
es\Python313\site-packages\django\db\backends\utils.py", line 100, in _execute
    with self.db.wrap_database_errors:
         ^^^^^^^^^^^^^^^^^^^^^^^^^^^^
  File "C:\Users\ishen\AppData\Local\Packages\PythonSoftwareFoundation.Python.3.13_qbz5n2kfra8p0\LocalCache\local-packag
es\Python313\site-packages\django\db\utils.py", line 91, in __exit__
    raise dj_exc_value.with_traceback(traceback) from exc_value
  File "C:\Users\ishen\AppData\Local\Packages\PythonSoftwareFoundation.Python.3.13_qbz5n2kfra8p0\LocalCache\local-packag
es\Python313\site-packages\django\db\backends\utils.py", line 105, in _execute
    return self.cursor.execute(sql, params)
           ~~~~~~~~~~~~~~~~~~~^^^^^^^^^^^^^
  File "C:\Users\ishen\AppData\Local\Packages\PythonSoftwareFoundation.Python.3.13_qbz5n2kfra8p0\LocalCache\local-packag
es\Python313\site-packages\django\db\backends\mysql\base.py", line 76, in execute
    return self.cursor.execute(query, args)
           ~~~~~~~~~~~~~~~~~~~^^^^^^^^^^^^^
  File "C:\Users\ishen\AppData\Local\Packages\PythonSoftwareFoundation.Python.3.13_qbz5n2kfra8p0\LocalCache\local-packag
es\Python313\site-packages\pymysql\cursors.py", line 153, in execute
    result = self._query(query)
  File "C:\Users\ishen\AppData\Local\Packages\PythonSoftwareFoundation.Python.3.13_qbz5n2kfra8p0\LocalCache\local-packag
es\Python313\site-packages\pymysql\cursors.py", line 322, in _query
    conn.query(q)
    ~~~~~~~~~~^^^
  File "C:\Users\ishen\AppData\Local\Packages\PythonSoftwareFoundation.Python.3.13_qbz5n2kfra8p0\LocalCache\local-packag
es\Python313\site-packages\pymysql\connections.py", line 558, in query
    self._affected_rows = self._read_query_result(unbuffered=unbuffered)
                          ~~~~~~~~~~~~~~~~~~~~~~~^^^^^^^^^^^^^^^^^^^^^^^
  File "C:\Users\ishen\AppData\Local\Packages\PythonSoftwareFoundation.Python.3.13_qbz5n2kfra8p0\LocalCache\local-packag
es\Python313\site-packages\pymysql\connections.py", line 822, in _read_query_result
    result.read()
    ~~~~~~~~~~~^^
  File "C:\Users\ishen\AppData\Local\Packages\PythonSoftwareFoundation.Python.3.13_qbz5n2kfra8p0\LocalCache\local-packag
es\Python313\site-packages\pymysql\connections.py", line 1207, in read
    self._read_result_packet(first_packet)
    ~~~~~~~~~~~~~~~~~~~~~~~~^^^^^^^^^^^^^^
  File "C:\Users\ishen\AppData\Local\Packages\PythonSoftwareFoundation.Python.3.13_qbz5n2kfra8p0\LocalCache\local-packag
es\Python313\site-packages\pymysql\connections.py", line 1284, in _read_result_packet
    self._read_rowdata_packet()
    ~~~~~~~~~~~~~~~~~~~~~~~~~^^
  File "C:\Users\ishen\AppData\Local\Packages\PythonSoftwareFoundation.Python.3.13_qbz5n2kfra8p0\LocalCache\local-packag
es\Python313\site-packages\pymysql\connections.py", line 1331, in _read_rowdata_packet
    packet = self.connection._read_packet()
  File "C:\Users\ishen\AppData\Local\Packages\PythonSoftwareFoundation.Python.3.13_qbz5n2kfra8p0\LocalCache\local-packag
es\Python313\site-packages\pymysql\connections.py", line 772, in _read_packet
    packet.raise_for_error()
    ~~~~~~~~~~~~~~~~~~~~~~^^
  File "C:\Users\ishen\AppData\Local\Packages\PythonSoftwareFoundation.Python.3.13_qbz5n2kfra8p0\LocalCache\local-packag
es\Python313\site-packages\pymysql\protocol.py", line 221, in raise_for_error
    err.raise_mysql_exception(self._data)
    ~~~~~~~~~~~~~~~~~~~~~~~~~^^^^^^^^^^^^
  File "C:\Users\ishen\AppData\Local\Packages\PythonSoftwareFoundation.Python.3.13_qbz5n2kfra8p0\LocalCache\local-packag
es\Python313\site-packages\pymysql\err.py", line 143, in raise_mysql_exception
    raise errorclass(errno, errval)
django.db.utils.IntegrityError: (1048, "Column 'product_id' cannot be null")

======================================================================
FAIL: test_post_product_fetch_view_empty_urls (products.tests.ProductFetchViewTest.test_post_product_fetch_view_empty_ur
ls)
测试POST请求提交空URL列表
----------------------------------------------------------------------
Traceback (most recent call last):
  File "D:\Python\tiktok_pm\products\tests.py", line 702, in test_post_product_fetch_view_empty_urls
    self.assertContains(response, "请输入至少一个有效的 URL")
    ~~~~~~~~~~~~~~~~~~~^^^^^^^^^^^^^^^^^^^^^^^^^^^^^^^^^^^^^^
AssertionError: False is not true : Couldn't find '请输入至少一个有效的 URL' in the following response
b'<!DOCTYPE html>\n\n<html lang="en-us" dir="ltr">\n<head>\n<title>TikTok \xe4\xba\xa7\xe5\x93\x81\xe6\x95\xb0\xe6\x8d\x
ae\xe6\x8a\x93\xe5\x8f\x96 | TikTok PM \xe5\x90\x8e\xe5\x8f\xb0</title>\n<link rel="stylesheet" href="/static/admin/css/
base.css">\n\n  <link rel="stylesheet" href="/static/admin/css/dark_mode.css">\n  <script src="/static/admin/js/theme.js
"></script>\n\n\n  <link rel="stylesheet" href="/static/admin/css/nav_sidebar.css">\n  <script src="/static/admin/js/nav
_sidebar.js" defer></script>\n\n\n\n\n    \n    \n\n\n    <meta name="viewport" content="width=device-width, initial-sca
le=1.0">\n    <link rel="stylesheet" href="/static/admin/css/responsive.css">\n    \n\n<meta name="robots" content="NONE
,NOARCHIVE">\n</head>\n\n<body class=""\n  data-admin-utc-offset="0">\n<a href="#content-start" class="skip-to-content-l
ink">Skip to main content</a>\n<!-- Container -->\n<div id="container">\n\n    \n    <!-- Header -->\n    \n      <heade
r id="header">\n        <div id="branding">\n        \n<div id="site-name"><a href="/admin/">TikTok\xe7\x94\xb5\xe5\x95\
x86\xe9\x80\x89\xe5\x93\x81\xe7\xae\xa1\xe7\x90\x86\xe7\xb3\xbb\xe7\xbb\x9f</a></div>\n\n\n        </div>\n        \n   
     \n        <div id="user-tools">\n            \n                Welcome,\n                <strong>admin</strong>.\n 
           \n            \n                \n                    <a href="/">View site</a> /\n                \n        
        \n                    \n                    \n                \n                \n                <a href="/admi
n/password_change/">Change password</a> /\n                \n                <form id="logout-form" method="post" action
="/admin/logout/">\n                    <input type="hidden" name="csrfmiddlewaretoken" value="kwNyHdaXvM8EC0yfk7ugivv1l
DckNZQkDUTrswOgSGTk2rSnrmOjKwyj88GtYK74">\n                    <button type="submit">Log out</button>\n                <
/form>\n                \n<button class="theme-toggle">\n  <span class="visually-hidden theme-label-when-auto">Toggle th
eme (current theme: auto)</span>\n  <span class="visually-hidden theme-label-when-light">Toggle theme (current theme: li
ght)</span>\n  <span class="visually-hidden theme-label-when-dark">Toggle theme (current theme: dark)</span>\n  <svg ari
a-hidden="true" class="theme-icon-when-auto">\n    <use xlink:href="#icon-auto" />\n  </svg>\n  <svg aria-hidden="true" 
class="theme-icon-when-dark">\n    <use xlink:href="#icon-moon" />\n  </svg>\n  <svg aria-hidden="true" class="theme-ico
n-when-light">\n    <use xlink:href="#icon-sun" />\n  </svg>\n</button>\n\n            \n        </div>\n        \n     
   \n        \n      </header>\n    \n    <!-- END Header -->\n    \n      <nav aria-label="Breadcrumbs">\n        \n<di
v class="breadcrumbs">\n    <a href="/admin/">Home</a>\n    &rsaquo; <a href="/admin/products/">Products</a>\n    &rsaqu
o; TikTok \xe4\xba\xa7\xe5\x93\x81\xe6\x95\xb0\xe6\x8d\xae\xe6\x8a\x93\xe5\x8f\x96\n</div>\n\n      </nav>\n    \n    \n
\n    <div class="main" id="main">\n      \n        \n          \n\n<button class="sticky toggle-nav-sidebar" id="toggle
-nav-sidebar" aria-label="Toggle navigation"></button>\n<nav class="sticky" id="nav-sidebar">\n    <input type="search" 
id="nav-filter"\n           placeholder="Start typing to filter\xe2\x80\xa6"\n           aria-label="Filter navigation i
tems">\n\n    \n\n\n  \n    <div class="app-auth module">\n      <table>\n        <caption>\n          <a href="/admin/a
uth/" class="section" title="Models in the Authentication and Authorization application">Authentication and Authorizatio
n</a>\n        </caption>\n        <thead class="visually-hidden">\n          <tr>\n            <th scope="col">Model na
me</th>\n            <th scope="col">Add link</th>\n            <th scope="col">Change or view list link</th>\n         
 </tr>\n        </thead>\n        \n          \n            <tr class="model-group">\n              <th scope="row" id="
auth-group">\n                \n                  <a href="/admin/auth/group/">Groups</a>\n                \n           
   </th>\n\n              \n                <td><a href="/admin/auth/group/add/" class="addlink" aria-describedby="auth-
group">Add</a></td>\n              \n\n              \n            </tr>\n          \n        \n          \n            
<tr class="model-user">\n              <th scope="row" id="auth-user">\n                \n                  <a href="/ad
min/auth/user/">Users</a>\n                \n              </th>\n\n              \n                <td><a href="/admin/
auth/user/add/" class="addlink" aria-describedby="auth-user">Add</a></td>\n              \n\n              \n           
 </tr>\n          \n        \n      </table>\n    </div>\n  \n    <div class="app-django_q module">\n      <table>\n    
    <caption>\n          <a href="/admin/django_q/" class="section" title="Models in the Django Q application">Django Q<
/a>\n        </caption>\n        <thead class="visually-hidden">\n          <tr>\n            <th scope="col">Model name
</th>\n            <th scope="col">Add link</th>\n            <th scope="col">Change or view list link</th>\n          <
/tr>\n        </thead>\n        \n          \n            <tr class="model-failure">\n              <th scope="row" id="
django_q-failure">\n                \n                  <a href="/admin/django_q/failure/">Failed tasks</a>\n           
     \n              </th>\n\n              \n                <td></td>\n              \n\n              \n            <
/tr>\n          \n        \n          \n            <tr class="model-ormq">\n              <th scope="row" id="django_q-
ormq">\n                \n                  <a href="/admin/django_q/ormq/">Queued tasks</a>\n                \n        
      </th>\n\n              \n                <td></td>\n              \n\n              \n            </tr>\n         
 \n        \n          \n            <tr class="model-schedule">\n              <th scope="row" id="django_q-schedule">\
n                \n                  <a href="/admin/django_q/schedule/">Scheduled tasks</a>\n                \n        
      </th>\n\n              \n                <td><a href="/admin/django_q/schedule/add/" class="addlink" aria-describe
dby="django_q-schedule">Add</a></td>\n              \n\n              \n            </tr>\n          \n        \n       
   \n            <tr class="model-success">\n              <th scope="row" id="django_q-success">\n                \n   
               <a href="/admin/django_q/success/">Successful tasks</a>\n                \n              </th>\n\n       
       \n                <td></td>\n              \n\n              \n            </tr>\n          \n        \n      </t
able>\n    </div>\n  \n    <div class="app-products module">\n      <table>\n        <caption>\n          <a href="/admi
n/products/" class="section" title="Models in the Products application">Products</a>\n        </caption>\n        <thead
 class="visually-hidden">\n          <tr>\n            <th scope="col">Model name</th>\n            <th scope="col">Add 
link</th>\n            <th scope="col">Change or view list link</th>\n          </tr>\n        </thead>\n        \n     
     \n            <tr class="model-aicontentitem">\n              <th scope="row" id="products-aicontentitem">\n       
         \n                  <a href="/admin/products/aicontentitem/">Ai content items</a>\n                \n          
    </th>\n\n              \n                <td><a href="/admin/products/aicontentitem/add/" class="addlink" aria-descr
ibedby="products-aicontentitem">Add</a></td>\n              \n\n              \n            </tr>\n          \n        \
n          \n            <tr class="model-store">\n              <th scope="row" id="products-store">\n                \
n                  <a href="/admin/products/store/">Stores</a>\n                \n              </th>\n\n              \
n                <td><a href="/admin/products/store/add/" class="addlink" aria-describedby="products-store">Add</a></td>
\n              \n\n              \n            </tr>\n          \n        \n          \n            <tr class="model-pr
oducttagdefinition">\n              <th scope="row" id="products-producttagdefinition">\n                \n             
     <a href="/admin/products/producttagdefinition/">Tag Definitions</a>\n                \n              </th>\n\n     
         \n                <td><a href="/admin/products/producttagdefinition/add/" class="addlink" aria-describedby="pro
ducts-producttagdefinition">Add</a></td>\n              \n\n              \n            </tr>\n          \n        \n   
       \n            <tr class="model-productimage">\n              <th scope="row" id="products-productimage">\n       
         \n                  <a href="/admin/products/productimage/">TikTok Product Images</a>\n                \n      
        </th>\n\n              \n                <td><a href="/admin/products/productimage/add/" class="addlink" aria-de
scribedby="products-productimage">Add</a></td>\n              \n\n              \n            </tr>\n          \n       
 \n          \n            <tr class="model-productvariation">\n              <th scope="row" id="products-productvariat
ion">\n                \n                  <a href="/admin/products/productvariation/">TikTok Product Variations</a>\n  
              \n              </th>\n\n              \n                <td><a href="/admin/products/productvariation/add
/" class="addlink" aria-describedby="products-productvariation">Add</a></td>\n              \n\n              \n        
    </tr>\n          \n        \n          \n            <tr class="model-product">\n              <th scope="row" id="p
roducts-product">\n                \n                  <a href="/admin/products/product/">TikTok Products</a>\n         
       \n              </th>\n\n              \n                <td><a href="/admin/products/product/add/" class="addlin
k" aria-describedby="products-product">Add</a></td>\n              \n\n              \n            </tr>\n          \n  
      \n      </table>\n    </div>\n  \n\n\n\n    <div class="app-product_fetch module">\n        <table>\n            <
caption>\n                <a href="#" class="section" title="Tools">Product Fetch</a>\n            </caption>\n         
   <tbody>\n                <tr class="model-product-fetch">\n                    <th scope="row">\n                    
    <a href="/admin/products/product/product_fetch/">Product Fetch</a>\n                    </th>\n                    <
td>\n                        <a href="/admin/products/product/product_fetch/" class="addlink" title="Go to Fetch"></a>\n
                    </td>\n                </tr>\n            </tbody>\n        </table>\n    </div>\n</nav>\n        \n
      \n      <main id="content-start" class="content" tabindex="-1">\n        \n          \n        \n        <!-- Cont
ent -->\n        <div id="content" class="colM">\n          \n          <h1>TikTok \xe4\xba\xa7\xe5\x93\x81\xe6\x95\xb0\
xe6\x8d\xae\xe6\x8a\x93\xe5\x8f\x96</h1>\n          \n          \n<div id="content-main">\n    <form action="" method="p
ost">\n        <input type="hidden" name="csrfmiddlewaretoken" value="kwNyHdaXvM8EC0yfk7ugivv1lDckNZQkDUTrswOgSGTk2rSnrm
OjKwyj88GtYK74">\n\n        \n        <fieldset class="module aligned">\n            <h2>\xe9\x85\x8d\xe7\xbd\xae\xe6\x8
a\x93\xe5\x8f\x96\xe5\x8f\x82\xe6\x95\xb0</h2>\n\n            <div class="form-row">\n                <div class="descri
ption" style="margin-bottom: 15px; color: var(--body-fg);">\n                    \xe8\xaf\xb7\xe8\xbe\x93\xe5\x85\xa5\xe
8\xa6\x81\xe8\xa7\xa6\xe5\x8f\x91 Bright Data \xe6\x8a\x93\xe5\x8f\x96\xe7\x9a\x84 TikTok \xe4\xba\xa7\xe5\x93\x81 URL \
xe5\x88\x97\xe8\xa1\xa8\xe3\x80\x82\n                </div>\n\n                \n                    \n                 
       <div class="form-row field-collection_mode">\n                            <div>\n                                
\n                                \n                                    <label>\xe9\x80\x89\xe6\x8b\xa9\xe9\x87\x87\xe9\
x9b\x86\xe6\x96\xb9\xe5\xbc\x8f:</label>\n                                \n\n                                \n        
                        \n                                    <div class="related-widget-wrapper" style="display: inline
-block;">\n                                        <div id="id_collection_mode"><div>\n    <label for="id_collection_mod
e_0"><input type="radio" name="collection_mode" value="url" required id="id_collection_mode_0" checked>\n 1. Collect by 
URL (\xe5\x8d\x95\xe4\xb8\xaa\xe4\xba\xa7\xe5\x93\x81\xe9\x93\xbe\xe6\x8e\xa5)</label>\n\n</div><div>\n    <label for="i
d_collection_mode_1"><input type="radio" name="collection_mode" value="category" required id="id_collection_mode_1">\n 2
. Discover by Category (\xe5\x8d\x95\xe4\xb8\xaa\xe5\x88\x86\xe7\xb1\xbb\xe9\x93\xbe\xe6\x8e\xa5)</label>\n\n</div><div>
\n    <label for="id_collection_mode_2"><input type="radio" name="collection_mode" value="shop" required id="id_collecti
on_mode_2">\n 3. Discover by Shop (\xe5\x8d\x95\xe4\xb8\xaa\xe5\xba\x97\xe9\x93\xba\xe9\x93\xbe\xe6\x8e\xa5)</label>\n\n
</div><div>\n    <label for="id_collection_mode_3"><input type="radio" name="collection_mode" value="keyword" required i
d="id_collection_mode_3">\n 4. Discover by Keyword (\xe5\x8d\x95\xe4\xb8\xaa\xe5\x85\xb3\xe9\x94\xae\xe8\xaf\x8d)</label
>\n\n</div>\n</div>\n                                    </div>\n                                \n\n                   
             \n                                \n\n                                \n                                \n 
                           </div>\n                        </div>\n                    \n                        <div cl
ass="form-row field-product_urls">\n                            <div>\n                                \n               
                 \n                                    <label for="id_product_urls">\xe4\xba\xa7\xe5\x93\x81 URL \xe5\x8
8\x97\xe8\xa1\xa8:</label>\n                                \n\n                                \n                      
          \n                                    \n                                    <textarea name="product_urls" cols
="40" rows="10" placeholder="\xe4\xb8\x80\xe8\xa1\x8c\xe4\xb8\x80\xe4\xb8\xaa TikTok \xe4\xba\xa7\xe5\x93\x81 URL" requi
red aria-invalid="true" aria-describedby="id_product_urls_helptext id_product_urls_error" id="id_product_urls">\n</texta
rea>\n                                \n\n                                \n                                <ul class="e
rrorlist" id="id_product_urls_error"><li>This field is required.</li></ul>\n\n                                \n        
                        \n                                    <div class="help" style="margin-left: 0;">\xe8\xaf\xb7\xe8
\xbe\x93\xe5\x85\xa5\xe8\xa6\x81\xe6\x8a\x93\xe5\x8f\x96\xe7\x9a\x84 TikTok \xe4\xba\xa7\xe5\x93\x81\xe5\xae\x8c\xe6\x95
\xb4 URL\xef\xbc\x8c\xe6\xaf\x8f\xe8\xa1\x8c\xe4\xb8\x80\xe4\xb8\xaa\xe3\x80\x82</div>\n                                
\n                            </div>\n                        </div>\n                    \n                \n          
  </div>\n        </fieldset>\n\n        <div class="submit-row">\n            <input type="submit" value="\xe6\x8f\x90\
xe4\xba\xa4\xe4\xbb\xbb\xe5\x8a\xa1\xe5\xb9\xb6\xe5\xbc\x80\xe5\xa7\x8b\xe6\x8a\x93\xe5\x8f\x96" class="default" name="_
start" />\n        </div>\n    </form>\n</div>\n\n          \n          <br class="clear">\n        </div>\n        <!--
 END Content -->\n      </main>\n    </div>\n    <footer id="footer"></footer>\n</div>\n<!-- END Container -->\n\n<!-- S
VGs -->\n<svg xmlns="http://www.w3.org/2000/svg" class="base-svgs">\n  <symbol viewBox="0 0 24 24" width="1.5rem" height
="1.5rem" id="icon-auto"><path d="M0 0h24v24H0z" fill="currentColor"/><path d="M12 22C6.477 22 2 17.523 2 12S6.477 2 12 
2s10 4.477 10 10-4.477 10-10 10zm0-2V4a8 8 0 1 0 0 16z"/></symbol>\n  <symbol viewBox="0 0 24 24" width="1.5rem" height=
"1.5rem" id="icon-moon"><path d="M0 0h24v24H0z" fill="currentColor"/><path d="M10 7a7 7 0 0 0 12 4.9v.1c0 5.523-4.477 10
-10 10S2 17.523 2 12 6.477 2 12 2h.1A6.979 6.979 0 0 0 10 7zm-6 5a8 8 0 0 0 15.062 3.762A9 9 0 0 1 8.238 4.938 7.999 7.9
99 0 0 0 4 12z"/></symbol>\n  <symbol viewBox="0 0 24 24" width="1.5rem" height="1.5rem" id="icon-sun"><path d="M0 0h24v
24H0z" fill="currentColor"/><path d="M12 18a6 6 0 1 1 0-12 6 6 0 0 1 0 12zm0-2a4 4 0 1 0 0-8 4 4 0 0 0 0 8zM11 1h2v3h-2V
1zm0 19h2v3h-2v-3zM3.515 4.929l1.414-1.414L7.05 5.636 5.636 7.05 3.515 4.93zM16.95 18.364l1.414-1.414 2.121 2.121-1.414 
1.414-2.121-2.121zm2.121-14.85l1.414 1.415-2.121 2.121-1.414-1.414 2.121-2.121zM5.636 16.95l1.414 1.414-2.121 2.121-1.41
4-1.414 2.121-2.121zM23 11v2h-3v-2h3zM4 11v2H1v-2h3z"/></symbol>\n</svg>\n<!-- END SVGs -->\n\n</body>\n</html>\n'

----------------------------------------------------------------------
Ran 85 tests in 4.542s

FAILED (failures=1, errors=1)
Preserving test database for alias 'default' ('test_tiktok_products_dev')...

Found 85 test(s).
Operations to perform:
  Synchronize unmigrated apps: django_filters, messages, rest_framework, staticfiles, tinymce
  Apply all migrations: admin, auth, contenttypes, django_q, products, sessions
Synchronizing apps without migrations:
  Creating tables...
    Running deferred SQL...
Running migrations:
  No migrations to apply.
  Your models in app(s): 'products' have changes that are not yet reflected in a migration, and so won't be applied.
  Run 'manage.py makemigrations' to make new migrations, and then re-run 'manage.py migrate' to apply them.
